// Vitest Snapshot v1, https://vitest.dev/guide/snapshot.html

exports[`RadioGroup > Snapshots > matches default snapshot 1`] = `
<div
  aria-required="false"
  class="grid gap-2"
  dir="ltr"
  role="radiogroup"
  style="outline: none;"
  tabindex="0"
>
  <div
    class="flex items-center space-x-2"
  >
    <button
      aria-checked="true"
      class="aspect-square h-4 w-4 rounded-full border border-primary text-primary shadow focus:outline-none focus-visible:ring-1 focus-visible:ring-ring disabled:cursor-not-allowed disabled:opacity-50"
      data-radix-collection-item=""
      data-state="checked"
      id="option1"
      role="radio"
      tabindex="-1"
      type="button"
      value="option1"
    >
      <span
        class="flex items-center justify-center"
        data-state="checked"
      >
        <svg
          aria-hidden="true"
          class="lucide lucide-circle h-3.5 w-3.5 fill-primary"
          fill="none"
          height="24"
          stroke="currentColor"
          stroke-linecap="round"
          stroke-linejoin="round"
          stroke-width="2"
          viewBox="0 0 24 24"
          width="24"
          xmlns="http://www.w3.org/2000/svg"
        >
          <circle
            cx="12"
            cy="12"
            r="10"
          />
        </svg>
      </span>
    </button>
    <label
      for="option1"
    >
      Option 1
    </label>
  </div>
  <div
    class="flex items-center space-x-2"
  >
    <button
      aria-checked="false"
      class="aspect-square h-4 w-4 rounded-full border border-primary text-primary shadow focus:outline-none focus-visible:ring-1 focus-visible:ring-ring disabled:cursor-not-allowed disabled:opacity-50"
      data-radix-collection-item=""
      data-state="unchecked"
      id="option2"
      role="radio"
      tabindex="-1"
      type="button"
      value="option2"
    />
    <label
      for="option2"
    >
      Option 2
    </label>
  </div>
</div>
`;
