// Vitest Snapshot v1, https://vitest.dev/guide/snapshot.html

exports[`Combobox > Snapshots > matches default snapshot 1`] = `
<button
  aria-controls="radix-«r0»"
  aria-expanded="false"
  aria-haspopup="dialog"
  class="inline-flex items-center gap-2 whitespace-nowrap rounded-md text-sm font-medium transition-colors focus-visible:outline-none focus-visible:ring-1 focus-visible:ring-ring disabled:pointer-events-none disabled:opacity-50 [&_svg]:pointer-events-none [&_svg]:size-4 [&_svg]:shrink-0 border border-input bg-background shadow-sm hover:bg-accent hover:text-accent-foreground [color:hsl(var(--surface-interactive))] [border-color:hsl(var(--surface-interactive))] h-9 px-4 py-2 button w-full justify-between text-muted-foreground"
  data-state="closed"
  data-testid="combobox"
  role="combobox"
  type="button"
>
  Select option...
  <svg
    aria-hidden="true"
    class="lucide lucide-chevrons-up-down ml-2 h-4 w-4 shrink-0 opacity-50"
    fill="none"
    height="24"
    stroke="currentColor"
    stroke-linecap="round"
    stroke-linejoin="round"
    stroke-width="2"
    viewBox="0 0 24 24"
    width="24"
    xmlns="http://www.w3.org/2000/svg"
  >
    <path
      d="m7 15 5 5 5-5"
    />
    <path
      d="m7 9 5-5 5 5"
    />
  </svg>
</button>
`;

exports[`Combobox > Snapshots > matches disabled state snapshot 1`] = `
<button
  aria-controls="radix-«r1»"
  aria-expanded="false"
  aria-haspopup="dialog"
  class="inline-flex items-center gap-2 whitespace-nowrap rounded-md text-sm font-medium transition-colors focus-visible:outline-none focus-visible:ring-1 focus-visible:ring-ring disabled:pointer-events-none disabled:opacity-50 [&_svg]:pointer-events-none [&_svg]:size-4 [&_svg]:shrink-0 border border-input bg-background shadow-sm hover:bg-accent hover:text-accent-foreground [color:hsl(var(--surface-interactive))] [border-color:hsl(var(--surface-interactive))] h-9 px-4 py-2 button w-full justify-between text-muted-foreground"
  data-state="closed"
  data-testid="combobox"
  disabled=""
  role="combobox"
  type="button"
>
  Select option...
  <svg
    aria-hidden="true"
    class="lucide lucide-chevrons-up-down ml-2 h-4 w-4 shrink-0 opacity-50"
    fill="none"
    height="24"
    stroke="currentColor"
    stroke-linecap="round"
    stroke-linejoin="round"
    stroke-width="2"
    viewBox="0 0 24 24"
    width="24"
    xmlns="http://www.w3.org/2000/svg"
  >
    <path
      d="m7 15 5 5 5-5"
    />
    <path
      d="m7 9 5-5 5 5"
    />
  </svg>
</button>
`;

exports[`Combobox > Snapshots > matches empty state snapshot 1`] = `
<button
  aria-controls="radix-«r3»"
  aria-expanded="false"
  aria-haspopup="dialog"
  class="inline-flex items-center gap-2 whitespace-nowrap rounded-md text-sm font-medium transition-colors focus-visible:outline-none focus-visible:ring-1 focus-visible:ring-ring disabled:pointer-events-none disabled:opacity-50 [&_svg]:pointer-events-none [&_svg]:size-4 [&_svg]:shrink-0 border border-input bg-background shadow-sm hover:bg-accent hover:text-accent-foreground [color:hsl(var(--surface-interactive))] [border-color:hsl(var(--surface-interactive))] h-9 px-4 py-2 button w-full justify-between text-muted-foreground"
  data-state="closed"
  data-testid="combobox"
  role="combobox"
  type="button"
>
  Select option...
  <svg
    aria-hidden="true"
    class="lucide lucide-chevrons-up-down ml-2 h-4 w-4 shrink-0 opacity-50"
    fill="none"
    height="24"
    stroke="currentColor"
    stroke-linecap="round"
    stroke-linejoin="round"
    stroke-width="2"
    viewBox="0 0 24 24"
    width="24"
    xmlns="http://www.w3.org/2000/svg"
  >
    <path
      d="m7 15 5 5 5-5"
    />
    <path
      d="m7 9 5-5 5 5"
    />
  </svg>
</button>
`;

exports[`Combobox > Snapshots > matches selected state snapshot 1`] = `
<button
  aria-controls="radix-«r2»"
  aria-expanded="false"
  aria-haspopup="dialog"
  class="inline-flex items-center gap-2 whitespace-nowrap rounded-md text-sm font-medium transition-colors focus-visible:outline-none focus-visible:ring-1 focus-visible:ring-ring disabled:pointer-events-none disabled:opacity-50 [&_svg]:pointer-events-none [&_svg]:size-4 [&_svg]:shrink-0 border border-input bg-background shadow-sm hover:bg-accent hover:text-accent-foreground [color:hsl(var(--surface-interactive))] [border-color:hsl(var(--surface-interactive))] h-9 px-4 py-2 button w-full justify-between"
  data-state="closed"
  data-testid="combobox"
  role="combobox"
  type="button"
>
  Option 1
  <svg
    aria-hidden="true"
    class="lucide lucide-chevrons-up-down ml-2 h-4 w-4 shrink-0 opacity-50"
    fill="none"
    height="24"
    stroke="currentColor"
    stroke-linecap="round"
    stroke-linejoin="round"
    stroke-width="2"
    viewBox="0 0 24 24"
    width="24"
    xmlns="http://www.w3.org/2000/svg"
  >
    <path
      d="m7 15 5 5 5-5"
    />
    <path
      d="m7 9 5-5 5 5"
    />
  </svg>
</button>
`;
