// Vitest Snapshot v1, https://vitest.dev/guide/snapshot.html

exports[`ScrollArea > Snapshots > matches basic snapshot 1`] = `
<div
  data-testid="scrollarea-container"
>
  ScrollArea Component Test
</div>
`;
