// Vitest Snapshot v1, https://vitest.dev/guide/snapshot.html

exports[`Resizable > Snapshots > matches basic snapshot 1`] = `
<div
  data-testid="resizable-container"
>
  Resizable Component Test
</div>
`;
