// Vitest Snapshot v1, https://vitest.dev/guide/snapshot.html

exports[`Toast Component > Snapshots > matches all variants snapshot 1`] = `
<div
  aria-label="Notifications (F8)"
  role="region"
  style=""
  tabindex="-1"
>
  <span
    style="position: fixed; border: 0px; width: 1px; height: 1px; padding: 0px; margin: -1px; overflow: hidden; clip: rect(0px, 0px, 0px, 0px); white-space: nowrap; word-wrap: normal;"
    tabindex="0"
  />
  <ol
    class="fixed top-0 z-[100] flex max-h-screen w-full flex-col-reverse p-4 sm:bottom-0 sm:right-0 sm:top-auto sm:flex-col md:max-w-[420px]"
    tabindex="-1"
  >
    <li
      class="group pointer-events-auto relative flex w-full items-center justify-between space-x-4 overflow-hidden rounded-md p-6 pr-8 shadow-lg transition-all data-[swipe=cancel]:translate-x-0 data-[swipe=end]:translate-x-[var(--radix-toast-swipe-end-x)] data-[swipe=move]:translate-x-[var(--radix-toast-swipe-move-x)] data-[swipe=move]:transition-none data-[state=open]:animate-in data-[state=closed]:animate-out data-[swipe=end]:animate-out data-[state=closed]:fade-out-80 data-[state=closed]:slide-out-to-right-full data-[state=open]:slide-in-from-top-full data-[state=open]:sm:slide-in-from-bottom-full border bg-background text-foreground"
      data-radix-collection-item=""
      data-state="open"
      data-swipe-direction="right"
      data-testid="variant-default"
      style="user-select: none;"
      tabindex="0"
    >
      <div
        class="text-sm font-semibold"
      >
        Default
      </div>
      <div
        class="text-sm opacity-90"
      >
        Default variant
      </div>
    </li>
    <li
      class="group pointer-events-auto relative flex w-full items-center justify-between space-x-4 overflow-hidden rounded-md border p-6 pr-8 shadow-lg transition-all data-[swipe=cancel]:translate-x-0 data-[swipe=end]:translate-x-[var(--radix-toast-swipe-end-x)] data-[swipe=move]:translate-x-[var(--radix-toast-swipe-move-x)] data-[swipe=move]:transition-none data-[state=open]:animate-in data-[state=closed]:animate-out data-[swipe=end]:animate-out data-[state=closed]:fade-out-80 data-[state=closed]:slide-out-to-right-full data-[state=open]:slide-in-from-top-full data-[state=open]:sm:slide-in-from-bottom-full border-green-200 bg-green-50 text-green-800 dark:border-green-800 dark:bg-green-900 dark:text-green-100"
      data-radix-collection-item=""
      data-state="open"
      data-swipe-direction="right"
      data-testid="variant-success"
      style="user-select: none;"
      tabindex="0"
    >
      <div
        class="text-sm font-semibold"
      >
        Success
      </div>
      <div
        class="text-sm opacity-90"
      >
        Success variant
      </div>
    </li>
    <li
      class="group pointer-events-auto relative flex w-full items-center justify-between space-x-4 overflow-hidden rounded-md border p-6 pr-8 shadow-lg transition-all data-[swipe=cancel]:translate-x-0 data-[swipe=end]:translate-x-[var(--radix-toast-swipe-end-x)] data-[swipe=move]:translate-x-[var(--radix-toast-swipe-move-x)] data-[swipe=move]:transition-none data-[state=open]:animate-in data-[state=closed]:animate-out data-[swipe=end]:animate-out data-[state=closed]:fade-out-80 data-[state=closed]:slide-out-to-right-full data-[state=open]:slide-in-from-top-full data-[state=open]:sm:slide-in-from-bottom-full border-red-200 bg-red-50 text-red-800 dark:border-red-800 dark:bg-red-900 dark:text-red-100"
      data-radix-collection-item=""
      data-state="open"
      data-swipe-direction="right"
      data-testid="variant-error"
      style="user-select: none;"
      tabindex="0"
    >
      <div
        class="text-sm font-semibold"
      >
        Error
      </div>
      <div
        class="text-sm opacity-90"
      >
        Error variant
      </div>
    </li>
    <li
      class="group pointer-events-auto relative flex w-full items-center justify-between space-x-4 overflow-hidden rounded-md border p-6 pr-8 shadow-lg transition-all data-[swipe=cancel]:translate-x-0 data-[swipe=end]:translate-x-[var(--radix-toast-swipe-end-x)] data-[swipe=move]:translate-x-[var(--radix-toast-swipe-move-x)] data-[swipe=move]:transition-none data-[state=open]:animate-in data-[state=closed]:animate-out data-[swipe=end]:animate-out data-[state=closed]:fade-out-80 data-[state=closed]:slide-out-to-right-full data-[state=open]:slide-in-from-top-full data-[state=open]:sm:slide-in-from-bottom-full border-yellow-200 bg-yellow-50 text-yellow-800 dark:border-yellow-800 dark:bg-yellow-900 dark:text-yellow-100"
      data-radix-collection-item=""
      data-state="open"
      data-swipe-direction="right"
      data-testid="variant-warning"
      style="user-select: none;"
      tabindex="0"
    >
      <div
        class="text-sm font-semibold"
      >
        Warning
      </div>
      <div
        class="text-sm opacity-90"
      >
        Warning variant
      </div>
    </li>
    <li
      class="group pointer-events-auto relative flex w-full items-center justify-between space-x-4 overflow-hidden rounded-md border p-6 pr-8 shadow-lg transition-all data-[swipe=cancel]:translate-x-0 data-[swipe=end]:translate-x-[var(--radix-toast-swipe-end-x)] data-[swipe=move]:translate-x-[var(--radix-toast-swipe-move-x)] data-[swipe=move]:transition-none data-[state=open]:animate-in data-[state=closed]:animate-out data-[swipe=end]:animate-out data-[state=closed]:fade-out-80 data-[state=closed]:slide-out-to-right-full data-[state=open]:slide-in-from-top-full data-[state=open]:sm:slide-in-from-bottom-full border-blue-200 bg-blue-50 text-blue-800 dark:border-blue-800 dark:bg-blue-900 dark:text-blue-100"
      data-radix-collection-item=""
      data-state="open"
      data-swipe-direction="right"
      data-testid="variant-info"
      style="user-select: none;"
      tabindex="0"
    >
      <div
        class="text-sm font-semibold"
      >
        Info
      </div>
      <div
        class="text-sm opacity-90"
      >
        Info variant
      </div>
    </li>
  </ol>
  <span
    style="position: fixed; border: 0px; width: 1px; height: 1px; padding: 0px; margin: -1px; overflow: hidden; clip: rect(0px, 0px, 0px, 0px); white-space: nowrap; word-wrap: normal;"
    tabindex="0"
  />
</div>
`;

exports[`Toast Component > Snapshots > matches default toast snapshot 1`] = `
<div
  aria-label="Notifications (F8)"
  role="region"
  style=""
  tabindex="-1"
>
  <span
    style="position: fixed; border: 0px; width: 1px; height: 1px; padding: 0px; margin: -1px; overflow: hidden; clip: rect(0px, 0px, 0px, 0px); white-space: nowrap; word-wrap: normal;"
    tabindex="0"
  />
  <ol
    class="fixed top-0 z-[100] flex max-h-screen w-full flex-col-reverse p-4 sm:bottom-0 sm:right-0 sm:top-auto sm:flex-col md:max-w-[420px]"
    tabindex="-1"
  >
    <li
      class="group pointer-events-auto relative flex w-full items-center justify-between space-x-4 overflow-hidden rounded-md p-6 pr-8 shadow-lg transition-all data-[swipe=cancel]:translate-x-0 data-[swipe=end]:translate-x-[var(--radix-toast-swipe-end-x)] data-[swipe=move]:translate-x-[var(--radix-toast-swipe-move-x)] data-[swipe=move]:transition-none data-[state=open]:animate-in data-[state=closed]:animate-out data-[swipe=end]:animate-out data-[state=closed]:fade-out-80 data-[state=closed]:slide-out-to-right-full data-[state=open]:slide-in-from-top-full data-[state=open]:sm:slide-in-from-bottom-full border bg-background text-foreground"
      data-radix-collection-item=""
      data-state="open"
      data-swipe-direction="right"
      data-testid="default-toast"
      style="user-select: none;"
      tabindex="0"
    >
      <div
        class="text-sm font-semibold"
      >
        Default Toast
      </div>
      <div
        class="text-sm opacity-90"
      >
        This is a default toast message
      </div>
      <button
        class="absolute right-2 top-2 rounded-md p-1 text-foreground/50 opacity-0 transition-opacity hover:text-foreground focus:opacity-100 focus:outline-none focus:ring-2 group-hover:opacity-100 group-[.success]:text-green-600 group-[.error]:text-red-600 group-[.warning]:text-yellow-600 group-[.info]:text-blue-600"
        data-radix-toast-announce-exclude=""
        toast-close=""
        type="button"
      >
        <svg
          aria-hidden="true"
          class="lucide lucide-x h-4 w-4"
          fill="none"
          height="24"
          stroke="currentColor"
          stroke-linecap="round"
          stroke-linejoin="round"
          stroke-width="2"
          viewBox="0 0 24 24"
          width="24"
          xmlns="http://www.w3.org/2000/svg"
        >
          <path
            d="M18 6 6 18"
          />
          <path
            d="m6 6 12 12"
          />
        </svg>
      </button>
    </li>
  </ol>
  <span
    style="position: fixed; border: 0px; width: 1px; height: 1px; padding: 0px; margin: -1px; overflow: hidden; clip: rect(0px, 0px, 0px, 0px); white-space: nowrap; word-wrap: normal;"
    tabindex="0"
  />
</div>
`;

exports[`Toast Component > Snapshots > matches toast provider and viewport snapshot 1`] = `
<div>
  Content
</div>
`;

exports[`Toast Component > Snapshots > matches toast with action snapshot 1`] = `
<div
  aria-label="Notifications (F8)"
  role="region"
  style=""
  tabindex="-1"
>
  <span
    style="position: fixed; border: 0px; width: 1px; height: 1px; padding: 0px; margin: -1px; overflow: hidden; clip: rect(0px, 0px, 0px, 0px); white-space: nowrap; word-wrap: normal;"
    tabindex="0"
  />
  <ol
    class="fixed top-0 z-[100] flex max-h-screen w-full flex-col-reverse p-4 sm:bottom-0 sm:right-0 sm:top-auto sm:flex-col md:max-w-[420px]"
    tabindex="-1"
  >
    <li
      class="group pointer-events-auto relative flex w-full items-center justify-between space-x-4 overflow-hidden rounded-md p-6 pr-8 shadow-lg transition-all data-[swipe=cancel]:translate-x-0 data-[swipe=end]:translate-x-[var(--radix-toast-swipe-end-x)] data-[swipe=move]:translate-x-[var(--radix-toast-swipe-move-x)] data-[swipe=move]:transition-none data-[state=open]:animate-in data-[state=closed]:animate-out data-[swipe=end]:animate-out data-[state=closed]:fade-out-80 data-[state=closed]:slide-out-to-right-full data-[state=open]:slide-in-from-top-full data-[state=open]:sm:slide-in-from-bottom-full border bg-background text-foreground"
      data-radix-collection-item=""
      data-state="open"
      data-swipe-direction="right"
      data-testid="toast-with-action"
      style="user-select: none;"
      tabindex="0"
    >
      <div
        class="text-sm font-semibold"
      >
        Toast with Action
      </div>
      <div
        class="text-sm opacity-90"
      >
        This toast has an action button
      </div>
      <button
        class="inline-flex h-8 shrink-0 items-center justify-center rounded-md border bg-transparent px-3 text-xs font-medium ring-offset-background transition-colors hover:bg-secondary focus:outline-none focus:ring-2 focus:ring-ring focus:ring-offset-2 disabled:pointer-events-none disabled:opacity-50 group-[.success]:border-green-300 group-[.success]:hover:border-green-400 group-[.success]:hover:bg-green-100 group-[.error]:border-red-300 group-[.error]:hover:border-red-400 group-[.error]:hover:bg-red-100"
        data-radix-toast-announce-alt="Undo action"
        data-radix-toast-announce-exclude=""
        type="button"
      >
        Undo
      </button>
      <button
        class="absolute right-2 top-2 rounded-md p-1 text-foreground/50 opacity-0 transition-opacity hover:text-foreground focus:opacity-100 focus:outline-none focus:ring-2 group-hover:opacity-100 group-[.success]:text-green-600 group-[.error]:text-red-600 group-[.warning]:text-yellow-600 group-[.info]:text-blue-600"
        data-radix-toast-announce-exclude=""
        toast-close=""
        type="button"
      >
        <svg
          aria-hidden="true"
          class="lucide lucide-x h-4 w-4"
          fill="none"
          height="24"
          stroke="currentColor"
          stroke-linecap="round"
          stroke-linejoin="round"
          stroke-width="2"
          viewBox="0 0 24 24"
          width="24"
          xmlns="http://www.w3.org/2000/svg"
        >
          <path
            d="M18 6 6 18"
          />
          <path
            d="m6 6 12 12"
          />
        </svg>
      </button>
    </li>
  </ol>
  <span
    style="position: fixed; border: 0px; width: 1px; height: 1px; padding: 0px; margin: -1px; overflow: hidden; clip: rect(0px, 0px, 0px, 0px); white-space: nowrap; word-wrap: normal;"
    tabindex="0"
  />
</div>
`;

exports[`Toast Component > Snapshots > matches toaster component snapshot 1`] = `
<div
  aria-label="Notifications (F8)"
  role="region"
  style=""
  tabindex="-1"
>
  <span
    style="position: fixed; border: 0px; width: 1px; height: 1px; padding: 0px; margin: -1px; overflow: hidden; clip: rect(0px, 0px, 0px, 0px); white-space: nowrap; word-wrap: normal;"
    tabindex="0"
  />
  <ol
    class="fixed top-0 z-[100] flex max-h-screen w-full flex-col-reverse p-4 sm:bottom-0 sm:right-0 sm:top-auto sm:flex-col md:max-w-[420px]"
    tabindex="-1"
  >
    <li
      class="group pointer-events-auto relative flex w-full items-center justify-between space-x-4 overflow-hidden rounded-md border p-6 pr-8 shadow-lg transition-all data-[swipe=cancel]:translate-x-0 data-[swipe=end]:translate-x-[var(--radix-toast-swipe-end-x)] data-[swipe=move]:translate-x-[var(--radix-toast-swipe-move-x)] data-[swipe=move]:transition-none data-[state=open]:animate-in data-[state=closed]:animate-out data-[swipe=end]:animate-out data-[state=closed]:fade-out-80 data-[state=closed]:slide-out-to-right-full data-[state=open]:slide-in-from-top-full data-[state=open]:sm:slide-in-from-bottom-full border-green-200 bg-green-50 text-green-800 dark:border-green-800 dark:bg-green-900 dark:text-green-100"
      data-radix-collection-item=""
      data-state="open"
      data-swipe-direction="right"
      style="user-select: none;"
      tabindex="0"
    >
      <div
        class="grid gap-1"
      >
        <div
          class="text-sm font-semibold"
        >
          Success!
        </div>
        <div
          class="text-sm opacity-90"
        >
          Success message
        </div>
      </div>
      <button
        class="absolute right-2 top-2 rounded-md p-1 text-foreground/50 opacity-0 transition-opacity hover:text-foreground focus:opacity-100 focus:outline-none focus:ring-2 group-hover:opacity-100 group-[.success]:text-green-600 group-[.error]:text-red-600 group-[.warning]:text-yellow-600 group-[.info]:text-blue-600"
        data-radix-toast-announce-exclude=""
        toast-close=""
        type="button"
      >
        <svg
          aria-hidden="true"
          class="lucide lucide-x h-4 w-4"
          fill="none"
          height="24"
          stroke="currentColor"
          stroke-linecap="round"
          stroke-linejoin="round"
          stroke-width="2"
          viewBox="0 0 24 24"
          width="24"
          xmlns="http://www.w3.org/2000/svg"
        >
          <path
            d="M18 6 6 18"
          />
          <path
            d="m6 6 12 12"
          />
        </svg>
      </button>
    </li>
  </ol>
  <span
    style="position: fixed; border: 0px; width: 1px; height: 1px; padding: 0px; margin: -1px; overflow: hidden; clip: rect(0px, 0px, 0px, 0px); white-space: nowrap; word-wrap: normal;"
    tabindex="0"
  />
</div>
`;
