// Vitest Snapshot v1, https://vitest.dev/guide/snapshot.html

exports[`Separator > Snapshots > matches active state snapshot 1`] = `
<div
  class="flex items-center w-full"
>
  <div
    class="transition-colors duration-200 h-[1px] w-full bg-border data-[orientation=horizontal]:h-[1px] data-[orientation=vertical]:w-[1px] flex-1"
    data-orientation="horizontal"
    data-testid="separator"
    role="none"
  />
  <div
    class="flex items-center justify-center text-xs text-muted-foreground font-medium px-3"
  >
    Test content
  </div>
  <div
    class="transition-colors duration-200 h-[1px] w-full bg-border data-[orientation=horizontal]:h-[1px] data-[orientation=vertical]:w-[1px] flex-1"
    data-orientation="horizontal"
    role="none"
  />
</div>
`;

exports[`Separator > Snapshots > matches default snapshot 1`] = `
<div
  class="flex items-center w-full"
>
  <div
    class="transition-colors duration-200 h-[1px] w-full bg-border data-[orientation=horizontal]:h-[1px] data-[orientation=vertical]:w-[1px] flex-1"
    data-orientation="horizontal"
    data-testid="separator"
    role="none"
  />
  <div
    class="flex items-center justify-center text-xs text-muted-foreground font-medium px-3"
  >
    Test content
  </div>
  <div
    class="transition-colors duration-200 h-[1px] w-full bg-border data-[orientation=horizontal]:h-[1px] data-[orientation=vertical]:w-[1px] flex-1"
    data-orientation="horizontal"
    role="none"
  />
</div>
`;
