// Vitest Snapshot v1, https://vitest.dev/guide/snapshot.html

exports[`Collapsible > Snapshots > matches basic snapshot 1`] = `
<div
  data-testid="collapsible-container"
>
  Collapsible Component Test
</div>
`;
