// Vitest Snapshot v1, https://vitest.dev/guide/snapshot.html

exports[`DropdownMenu > Snapshots > matches basic snapshot 1`] = `
<div
  data-testid="dropdownmenu-container"
>
  DropdownMenu Component Test
</div>
`;
