// Vitest Snapshot v1, https://vitest.dev/guide/snapshot.html

exports[`Menubar > Snapshots > matches basic snapshot 1`] = `
<div
  data-testid="menubar-container"
>
  Menubar Component Test
</div>
`;
