// Vitest Snapshot v1, https://vitest.dev/guide/snapshot.html

exports[`Form > Snapshots > matches default snapshot 1`] = `
<form
  class="w-full bg-background space-y-4"
  data-testid="form"
>
  Test content
</form>
`;
