// Vitest Snapshot v1, https://vitest.dev/guide/snapshot.html

exports[`Input > Snapshots > matches default snapshot 1`] = `
<input
  class="flex h-9 w-full rounded-md border border-input bg-transparent px-3 py-1 text-base shadow-sm transition-colors file:border-0 file:bg-transparent file:text-sm file:font-medium file:text-foreground placeholder:text-muted-foreground focus-visible:outline-none focus-visible:ring-1 focus-visible:ring-ring disabled:cursor-not-allowed disabled:opacity-50 md:text-sm input"
  data-testid="input"
/>
`;

exports[`Input > Snapshots > matches disabled state snapshot 1`] = `
<input
  class="flex h-9 w-full rounded-md border border-input bg-transparent px-3 py-1 text-base shadow-sm transition-colors file:border-0 file:bg-transparent file:text-sm file:font-medium file:text-foreground placeholder:text-muted-foreground focus-visible:outline-none focus-visible:ring-1 focus-visible:ring-ring disabled:cursor-not-allowed disabled:opacity-50 md:text-sm input"
  data-testid="input"
  disabled=""
/>
`;

exports[`Input > Snapshots > matches error state snapshot 1`] = `
<div
  class="input-wrapper"
>
  <input
    class="flex h-9 w-full rounded-md border border-input bg-transparent px-3 py-1 text-base shadow-sm transition-colors file:border-0 file:bg-transparent file:text-sm file:font-medium file:text-foreground placeholder:text-muted-foreground focus-visible:outline-none focus-visible:ring-1 focus-visible:ring-ring disabled:cursor-not-allowed disabled:opacity-50 md:text-sm input input--error"
    data-testid="input"
  />
  <p
    class="input-error text-sm text-destructive mt-1"
  />
</div>
`;

exports[`Input > Snapshots > matches loading state snapshot 1`] = `
<input
  class="flex h-9 w-full rounded-md border border-input bg-transparent px-3 py-1 text-base shadow-sm transition-colors file:border-0 file:bg-transparent file:text-sm file:font-medium file:text-foreground placeholder:text-muted-foreground focus-visible:outline-none focus-visible:ring-1 focus-visible:ring-ring disabled:cursor-not-allowed disabled:opacity-50 md:text-sm input input--loading"
  data-testid="input"
  disabled=""
/>
`;
