// Vitest Snapshot v1, https://vitest.dev/guide/snapshot.html

exports[`DatePicker > Snapshots > matches default snapshot 1`] = `
<button
  aria-controls="radix-«r0»"
  aria-expanded="false"
  aria-haspopup="dialog"
  class="inline-flex items-center gap-2 whitespace-nowrap rounded-md text-sm transition-colors focus-visible:outline-none focus-visible:ring-1 focus-visible:ring-ring disabled:pointer-events-none disabled:opacity-50 [&_svg]:pointer-events-none [&_svg]:size-4 [&_svg]:shrink-0 border border-input bg-background shadow-sm hover:bg-accent hover:text-accent-foreground [color:hsl(var(--surface-interactive))] [border-color:hsl(var(--surface-interactive))] h-9 px-4 py-2 button w-full justify-start text-left font-normal text-muted-foreground"
  data-state="closed"
  data-testid="datepicker"
  type="button"
>
  <svg
    aria-hidden="true"
    class="lucide lucide-calendar mr-2 h-4 w-4"
    fill="none"
    height="24"
    stroke="currentColor"
    stroke-linecap="round"
    stroke-linejoin="round"
    stroke-width="2"
    viewBox="0 0 24 24"
    width="24"
    xmlns="http://www.w3.org/2000/svg"
  >
    <path
      d="M8 2v4"
    />
    <path
      d="M16 2v4"
    />
    <rect
      height="18"
      rx="2"
      width="18"
      x="3"
      y="4"
    />
    <path
      d="M3 10h18"
    />
  </svg>
  <span>
    Pick a date
  </span>
</button>
`;

exports[`DatePicker > Snapshots > matches disabled state snapshot 1`] = `
<button
  aria-controls="radix-«r1»"
  aria-expanded="false"
  aria-haspopup="dialog"
  class="inline-flex items-center gap-2 whitespace-nowrap rounded-md text-sm transition-colors focus-visible:outline-none focus-visible:ring-1 focus-visible:ring-ring disabled:pointer-events-none disabled:opacity-50 [&_svg]:pointer-events-none [&_svg]:size-4 [&_svg]:shrink-0 border border-input bg-background shadow-sm hover:bg-accent hover:text-accent-foreground [color:hsl(var(--surface-interactive))] [border-color:hsl(var(--surface-interactive))] h-9 px-4 py-2 button w-full justify-start text-left font-normal text-muted-foreground"
  data-state="closed"
  data-testid="datepicker"
  disabled=""
  type="button"
>
  <svg
    aria-hidden="true"
    class="lucide lucide-calendar mr-2 h-4 w-4"
    fill="none"
    height="24"
    stroke="currentColor"
    stroke-linecap="round"
    stroke-linejoin="round"
    stroke-width="2"
    viewBox="0 0 24 24"
    width="24"
    xmlns="http://www.w3.org/2000/svg"
  >
    <path
      d="M8 2v4"
    />
    <path
      d="M16 2v4"
    />
    <rect
      height="18"
      rx="2"
      width="18"
      x="3"
      y="4"
    />
    <path
      d="M3 10h18"
    />
  </svg>
  <span>
    Pick a date
  </span>
</button>
`;

exports[`DatePicker > Snapshots > matches selected state snapshot 1`] = `
<button
  aria-controls="radix-«r2»"
  aria-expanded="false"
  aria-haspopup="dialog"
  class="inline-flex items-center gap-2 whitespace-nowrap rounded-md text-sm transition-colors focus-visible:outline-none focus-visible:ring-1 focus-visible:ring-ring disabled:pointer-events-none disabled:opacity-50 [&_svg]:pointer-events-none [&_svg]:size-4 [&_svg]:shrink-0 border border-input bg-background shadow-sm hover:bg-accent hover:text-accent-foreground [color:hsl(var(--surface-interactive))] [border-color:hsl(var(--surface-interactive))] h-9 px-4 py-2 button w-full justify-start text-left font-normal text-muted-foreground"
  data-state="closed"
  data-testid="datepicker"
  type="button"
>
  <svg
    aria-hidden="true"
    class="lucide lucide-calendar mr-2 h-4 w-4"
    fill="none"
    height="24"
    stroke="currentColor"
    stroke-linecap="round"
    stroke-linejoin="round"
    stroke-width="2"
    viewBox="0 0 24 24"
    width="24"
    xmlns="http://www.w3.org/2000/svg"
  >
    <path
      d="M8 2v4"
    />
    <path
      d="M16 2v4"
    />
    <rect
      height="18"
      rx="2"
      width="18"
      x="3"
      y="4"
    />
    <path
      d="M3 10h18"
    />
  </svg>
  <span>
    Pick a date
  </span>
</button>
`;
