// Vitest Snapshot v1, https://vitest.dev/guide/snapshot.html

exports[`HoverCard > Snapshots > matches default snapshot 1`] = `
<a
  data-state="closed"
>
  Hover me
</a>
`;

exports[`HoverCard > Snapshots > matches hover state snapshot 1`] = `
<a
  data-state="closed"
>
  Hover me
</a>
`;
